C:\Users\hp>CD C:\xampp\mysql\bin

C:\xampp\mysql\bin>mysql -u root
Welcome to the MariaDB monitor.  Commands end with ; or \g.
Your MariaDB connection id is 9
Server version: 10.4.32-MariaDB mariadb.org binary distribution

Copyright (c) 2000, 2018, Oracle, MariaDB Corporation Ab and others.

Type 'help;' or '\h' for help. Type '\c' to clear the current input statement.

MariaDB [(none)]> CREATE DATABASE db_kampus;
Query OK, 1 row affected (0.006 sec)

MariaDB [(none)]> USE db_kampus;
Database changed
MariaDB [db_kampus]> CREATE TABLE mahasiswa (
    -> nim CHAR(10) primary key,
    -> nama VARCHAR(50),
    -> jurusan VARCHAR(30)
    -> );
Query OK, 0 rows affected (0.039 sec)

unknown [db_kampus]> CREATE TABLE matakuliah (
    -> kode_mk CHAR(6) primary key,
    -> nama_mk VARCHAR(50),
    -> sks INT
    -> );
No connection. Trying to reconnect...
Connection id:    8
Current database: db_kampus

Query OK, 0 rows affected (0.012 sec)

MariaDB [db_kampus]> CREATE TABLE dosen (
    -> nip CHAR(10) primary key,
    -> nama VARCHAR(50),
    -> bidang VARCHAR(30)
    -> );
Query OK, 0 rows affected (0.012 sec)

MariaDB [(none)]> CREATE USER 'user_admin'@'localhost' IDENTIFIED BY 'admin123';
Query OK, 0 rows affected (0.016 sec)

MariaDB [(none)]> CREATE USER 'user_mhs'@'localhost' IDENTIFIED BY 'mhs123';
Query OK, 0 rows affected (0.015 sec)

MariaDB [(none)]> CREATE USER 'dosen_mhs'@'localhost' IDENTIFIED BY 'dosen123';
Query OK, 0 rows affected (0.016 sec)

MariaDB [db_kampus]> grant all privileges on db_kampus.* to 'user_admin'@'localhost';
Query OK, 0 rows affected (0.003 sec)

MariaDB [db_kampus]> grant select on db_kampus.matakuliah to 'user_mhs'@'localhost';
Query OK, 0 rows affected (0.015 sec)

MariaDB [db_kampus]> revoke select on db_kampus.matakuliah from 'user_mhs'@'localhost';
Query OK, 0 rows affected (0.014 sec)

MariaDB [db_kampus]> create role 'role_dosen';
Query OK, 0 rows affected (0.017 sec)

MariaDB [db_kampus]> grant select, insert on db_kampus.mahasiswa to 'role_dosen';
Query OK, 0 rows affected (0.018 sec)

MariaDB [db_kampus]> grant 'role_dosen' to 'user_dosen'@'localhost';
Query OK, 0 rows affected (0.002 sec)

MariaDB [db_kampus]> SET DEFAULT ROLE 'role_dosen' FOR 'user_dosen'@'localhost';
Query OK, 0 rows affected (0.015 sec)

C:\xampp\mysql\bin>mysql -u user_mhs -p
Enter password: ******
Welcome to the MariaDB monitor.  Commands end with ; or \g.
Your MariaDB connection id is 17
Server version: 10.4.32-MariaDB mariadb.org binary distribution

Copyright (c) 2000, 2018, Oracle, MariaDB Corporation Ab and others.

Type 'help;' or '\h' for help. Type '\c' to clear the current input statement.

MariaDB [(none)]> select * from db_kampus.matakuliah;
ERROR 1142 (42000): SELECT command denied to user 'user_mhs'@'localhost' for table `db_kampus`.`matakuliah`
MariaDB [(none)]> select * from db_kampus.mahasiswa;
ERROR 1142 (42000): SELECT command denied to user 'user_mhs'@'localhost' for table `db_kampus`.`mahasiswa`
MariaDB [(none)]> insert into db_kampus values ('IF2020', 'jaringan', 3);
ERROR 1046 (3D000): No database selected

C:\xampp\mysql\bin>mysql -u user_dosen -p
Enter password: ********
Welcome to the MariaDB monitor.  Commands end with ; or \g.
Your MariaDB connection id is 20
Server version: 10.4.32-MariaDB mariadb.org binary distribution

Copyright (c) 2000, 2018, Oracle, MariaDB Corporation Ab and others.

Type 'help;' or '\h' for help. Type '\c' to clear the current input statement.

MariaDB [(none)]> select * from db_kampus.mahasiswa;
Empty set (0.015 sec)

MariaDB [(none)]> insert into db_kampus.mahasiswa values ('1234', 'Andi', 'Informatika');
Query OK, 1 row affected (0.001 sec)

MariaDB [(none)]> select * from db_kampus.dosen;
ERROR 1142 (42000): SELECT command denied to user 'user_dosen'@'localhost' for table `db_kampus`.`dosen`


C:\xampp\mysql\bin>mysql -u user_admin -p
Enter password: ********
Welcome to the MariaDB monitor.  Commands end with ; or \g.
Your MariaDB connection id is 21
Server version: 10.4.32-MariaDB mariadb.org binary distribution

Copyright (c) 2000, 2018, Oracle, MariaDB Corporation Ab and others.

Type 'help;' or '\h' for help. Type '\c' to clear the current input statement.

MariaDB [(none)]> use db_kampus;
Database changed
MariaDB [db_kampus]> drop table if exists temp_tabel;
Query OK, 0 rows affected, 1 warning (0.012 sec)

MariaDB [db_kampus]> create table temp_tabel (id int);
Query OK, 0 rows affected (0.002 sec)




MariaDB [(none)]> use db_kampus;
Database changed
MariaDB [db_kampus]> CREATE TABLE tagihan (
    -> id_transaksi INT AUTO_INCREMENT primary key,
    -> nama VARCHAR(50),
    -> tanggal DATE,
    -> jumlah DECIMAL(10,2),
    -> status_tagihan ENUM('lunas', 'belum lunas')
    -> );
Query OK, 0 rows affected (0.032 sec)

MariaDB [db_kampus]> CREATE ROLE 'role_keuangan';
Query OK, 0 rows affected (0.007 sec)

MariaDB [db_kampus]> GRANT SELECT, UPDATE ON db_kampus.tagihan to 'role_keuangan';
Query OK, 0 rows affected (0.004 sec)

MariaDB [db_kampus]> CREATE USER 'user_keuangan'@'localhost' IDENTIFIED BY 'keu123';
Query OK, 0 rows affected (0.015 sec)

MariaDB [db_kampus]> GRANT 'role_keuangan' to 'user_keuangan'@'localhost';
Query OK, 0 rows affected (0.015 sec)

C:\xampp\mysql\bin>mysql -u user_keuangan -p
Enter password: ******
Welcome to the MariaDB monitor.  Commands end with ; or \g.
Your MariaDB connection id is 11
Server version: 10.4.32-MariaDB mariadb.org binary distribution

Copyright (c) 2000, 2018, Oracle, MariaDB Corporation Ab and others.

Type 'help;' or '\h' for help. Type '\c' to clear the current input statement.

MariaDB [(none)]> SET ROLE 'role_keuangan';
Query OK, 0 rows affected (0.006 sec)

MariaDB [(none)]> USE db_kampus;
Database changed
MariaDB [db_kampus]> SELECT * FROM db_kampus.tagihan;
Empty set (0.030 sec)

MariaDB [db_kampus]> UPDATE db_kampus.tagihan SET status_tagihan= 'lunas' WHERE id_transaksi = 1;
Query OK, 0 rows affected (0.022 sec)
Rows matched: 0  Changed: 0  Warnings: 0

MariaDB [db_kampus]> INSERT INTO db_kampus.tagihan (id_transaksi, jumlah) VALUES ('2', '100000');
ERROR 1142 (42000): INSERT command denied to user 'user_keuangan'@'localhost' for table `db_kampus`.`tagihan`
